[1;33mRunning test: [99-issues] fix-domain-tests-factories-v2-issue[0m
========================================
Output:
--------
✓ Connected to CVM server

=== CVM MCP Test Client ===

Loading program: ../programs/99-issues/fix-domain-tests-factories-v2-issue.ts
FOR-OF DEBUG: Created JUMP_IF_FALSE at index 104
CONTEXT DEBUG: Pushing context type=foreach
CONTEXT DEBUG: Pushing context type=if
CONTEXT DEBUG: Popped context type=if, breakTargets=undefined
FOR-OF DEBUG: Error compiling loop body: Error: Unsupported call expression
CONTEXT DEBUG: Popped context type=foreach, breakTargets=[104]
FOR-OF DEBUG: Patching breakTargets [104] to 173
CONTEXT DEBUG: Pushing context type=if
CONTEXT DEBUG: Popped context type=if, breakTargets=undefined
CONTEXT DEBUG: Pushing context type=if
CONTEXT DEBUG: Pushing context type=if
CONTEXT DEBUG: Popped context type=if, breakTargets=undefined
CONTEXT DEBUG: Popped context type=if, breakTargets=undefined
CONTEXT DEBUG: Pushing context type=if
CONTEXT DEBUG: Popped context type=if, breakTargets=undefined
✓ Program loaded: Program loaded successfully: test-1754506663517

Starting execution: exec-1754506663536
✓ Execution started: Execution started: exec-1754506663536 (set as current)

CC Prompt: "You are refactoring Domain tests to use entity factories from Dfp.Core.Testing.Factories. CRITICAL: You MUST follow the C# coding standards from CLAUDE.md. Use vs-mcp tools ONLY for all .NET operations. Add 'using Dfp.Core.Testing.Factories;' import where needed. Replace direct entity instantiation with factory methods.

CURRENT TASK: Introspect test file
File: /mnt/c/Projekty/AI_Works/DocFlowPro/libs/backend/domain/dfp.domain-test/Domain/Services/MediumServiceBulkTests.cs

Instructions:
1. Read the file using Read tool
2. Search for patterns like 'new User {', 'new Document {', 'new Project {', etc.
3. Report ONLY one of these responses:
   - 'skip' if no direct entity instantiations found
   - 'refactor:N' where N is the number of instantiations found
Do NOT provide any other explanation."

✓ Disconnected from server
Test failed: Error: No more responses available for CC prompt
    at CVMMcpTestClient.runTest (/home/laco/cvm/test/integration/mcp-test-client.ts:90:19)
    at process.processTicksAndRejections (node:internal/process/task_queues:105:5)

[0;31m✗ Test FAILED[0m
